Dump	["     a"]
Dump	["     a, b, c, d, e"]
Dump	["     a, b, c, d, e,", "     f, g, h, i, j,", "     k, l"]
