Dump	[`item (`id ("1"), "1: Single user mode", false), `item (`id ("2"), "2: Local multiuser without remote network", false), `item (`id ("3"), "3: Full multiuser with network", true), `item (`id ("4"), "4: User defined", false), `item (`id ("5"), "5: Full multiuser with network and xdm", false)]
Dump	[`item (`id ("1"), "1: Single user mode", false), `item (`id ("2"), "2: Local multiuser without remote network", true), `item (`id ("7"), "7", false), `item (`id ("8"), "8", false)]
Dump	[`item (`id ("1"), "1: Single user mode", false), `item (`id ("2"), "2: Local multiuser without remote network", false), `item (`id ("7"), "7", false), `item (`id ("8"), "8", false)]
