Read	.init.scripts.runlevels $["aaa":$["start":["0", "1", "3"], "stop":["4", "5", "6"]], "bbb":$["start":["0", "1", "2"], "stop":["5", "6"]]]
Read	.init.scripts.comments $["aaa":$["defstart":["0", "1", "3"], "defstop":["4", "5", "6"]], "bbb":$["defstart":["0", "1", "2"], "defstop":["5", "6"]]]
Return	nil
Dump	$["aaa":$["START":true, "defstart":["0", "1", "3"], "defstop":["4", "5", "6"], "start":["0", "1", "3"], "stop":["4", "5", "6"]], "bbb":$["START":true, "defstart":["0", "1", "2"], "defstop":["5", "6"], "start":["0", "1", "2"], "stop":["5", "6"]]]
Read	.init.scripts.runlevels $["aaa":$["start":["0", "1", "3"], "stop":["4", "5", "6"]], "ccc":$["start":["0", "1", "2"], "stop":["5", "6"]]]
Read	.init.scripts.comments $["aaa":$["defstart":["0", "1", "3"], "defstop":["4", "5", "6"]], "bbb":$["defstart":["0", "1", "2"], "defstop":["5", "6"]]]
Return	nil
Dump	$["aaa":$["START":true, "defstart":["0", "1", "3"], "defstop":["4", "5", "6"], "start":["0", "1", "3"], "stop":["4", "5", "6"]], "bbb":$["START":true, "defstart":["0", "1", "2"], "defstop":["5", "6"], "start":[], "stop":[]]]
