$[
// aaa_base-2002.7.16-1, insserv 0.99.3
"$local_fs":["boot.localfs"],
"$named":["+named", "$network"],
"$netdaemons":["portmap", "inetd"],
"$network":["network", "+pcmcia", "+hotplug"],
"$portmap":["portmap"],
"$remote_fs":["$local_fs", "nfs"],
"$syslog":["syslog"],
"$time":["boot.clock", "+xntpd"]
]
