Dump	false
Dump	true
Dump	false
Dump	false
Dump	false
Dump	false
