Dump	["", "", "Following services run in current", "runlevel although they should not:", "     b, d", "", "Following services do not run in current", "runlevel although they should:", "     e, g", "", ""]
