Read	.init.scripts.runlevel_list ["1", "2", "3"]
Return	nil
Dump	["1", "2", "3"]
Dump	$["1":2, "2":3, "3":4]
Read	.init.scripts.runlevel_list []
Return	nil
Dump	["0", "1", "2", "3", "5", "6", "S"]
Dump	$["0":2, "1":3, "2":4, "3":5, "5":6, "6":7, "S":8]
