Dump	true
Log	AnyQuestionPopup returning true
Dump	true
Log	AnyQuestionPopup returning true
Dump	true
Log	AnyQuestionPopup returning true
Dump	true
Dump	true
