Return	nil
Return	nil
Execute	.target.bash "/sbin/insserv -r a; /sbin/insserv a,start=1,2,3" 0
Execute	.target.bash "/sbin/insserv -r b; /sbin/insserv b,start=1,2,3" 0
Return	nil
Execute	.target.bash "/sbin/insserv -r a; /sbin/insserv a,start=1,2,3,B" 0
Execute	.target.bash "/sbin/insserv -r b; /sbin/insserv b,start=1,2,3" 0
Return	nil
Execute	.target.bash "/sbin/insserv -r a; /sbin/insserv a,start=1,2,3,B" 0
Execute	.target.bash "/sbin/insserv -r b; /sbin/insserv b,start=1,2,3" 0
Return	nil
Execute	.target.bash "/sbin/insserv -r a" 0
Execute	.target.bash "/sbin/insserv -r b" 0
Return	nil
Return	nil
Execute	.target.bash "/sbin/insserv -r nfsserver; /sbin/insserv nfsserver,start=1" 0
Return	nil
