Read	.init.scripts.exists "aaa" true
Execute	.target.bash "/etc/init.d/aaa status" $["TERM":"raw"] 3
Return	3
