Read	.init.scripts.exists "aaa" false
Log	Init script aaa does not exist.
Return	false
Read	.init.scripts.exists "aaa" true
Read	.init.scripts.exists "aaa" true
Read	.init.scripts.runlevel "aaa" $["aaa":$["start":["0", "1", "3"], "stop":["4", "5", "6"]]]
Read	.init.scripts.comment "aaa" $["aaa":$["defstart":["0", "1", "3"], "defstop":["4", "5", "6"]]]
Execute	.target.bash "/sbin/insserv -r aaa" 0
Return	true
Read	.init.scripts.exists "aaa" true
Read	.init.scripts.exists "aaa" true
Read	.init.scripts.runlevel "aaa" $["aaa":$["start":[], "stop":[]]]
Read	.init.scripts.comment "aaa" $["aaa":$["defstart":["0", "1", "3"], "defstop":["4", "5", "6"]]]
Return	true
Read	.init.scripts.exists "aaa" true
Read	.init.scripts.exists "aaa" true
Read	.init.scripts.runlevel "aaa" $["aaa":$["start":[], "stop":[]]]
Read	.init.scripts.comment "aaa" $["aaa":$["defstart":["0", "1", "3"], "defstop":["4", "5", "6"]]]
Execute	.target.bash "/sbin/insserv -d aaa" 0
Return	true
Read	.init.scripts.exists "aaa" true
Read	.init.scripts.exists "aaa" true
Read	.init.scripts.runlevel "aaa" $["aaa":$["start":["1"], "stop":[]]]
Read	.init.scripts.comment "aaa" $["aaa":$["defstart":["0", "1", "3"], "defstop":["4", "5", "6"]]]
Return	true
Read	.init.scripts.exists "aaa" true
Read	.init.scripts.exists "aaa" true
Read	.init.scripts.runlevel "aaa" $["aaa":$["start":["1"], "stop":[]]]
Read	.init.scripts.comment "aaa" $["aaa":$["defstart":["0", "1", "3"], "defstop":["4", "5", "6"]]]
Execute	.target.bash "/sbin/insserv -d aaa" 0
Return	true
Read	.init.scripts.exists "aaa" true
Read	.init.scripts.exists "aaa" true
Read	.init.scripts.runlevel "aaa" $["aaa":$["start":["0", "1", "3"], "stop":[]]]
Read	.init.scripts.comment "aaa" $["aaa":$["defstart":["0", "1", "3"], "defstop":["4", "5", "6"]]]
Execute	.target.bash "/sbin/insserv -d aaa" 0
Return	true
