Dump	$["a":$["START":true, "defstart":["3", "4"], "dirty":true, "start":["3", "4"]]]
Dump	$["a":$["START":true, "defstart":["3", "4"], "dirty":true, "start":["3", "4"]]]
Dump	$["a":$["START":true, "defstart":["3", "4"], "dirty":true, "start":["3", "4"]]]
Dump	$["a":$["START":true, "defstart":["3", "4"], "dirty":true, "start":["3", "4"]]]
Dump	$["a":$["START":true, "defstart":["3", "4"], "dirty":true, "start":["3", "4"]]]
Dump	$["a":$["START":true, "defstart":["3", "4"], "dirty":true, "start":["3", "4"]]]
