Dump	$["a":$["defstart":["3", "4"], "dirty":true, "start":["3", "4"]]]
