Read	.init.scripts.current_runlevel 1
Return	nil
Dump	1
Read	.init.scripts.default_runlevel 2
Return	nil
Dump	2
Dump	2
Write	.init.scripts.default_runlevel "new_default" true
Return	true
Execute	.target.bash_output "TERM=raw /etc/init.d/script start" 0
Return	0
Execute	.target.bash "TERM=raw /etc/init.d/script status" 0
Return	0
