Dump	[`item (`id ("a"), "a", "???", " ", " ", "1", "2", "3", " ", " ", ""), `item (`id ("b"), "b", "???", " ", " ", "1", "2", " ", " ", " ", "")]
Dump	[`item (`id ("a"), "a", "???", " ", " ", "1", "2", "3", " ", " ", ""), `item (`id ("b"), "b", "???", " ", " ", "1", "2", "3", " ", " ", "")]
Dump	[`item (`id ("a"), "a", "???", "S", "0", "1", " ", " ", " ", " ", ""), `item (`id ("b"), "b", "???", " ", " ", " ", "2", "3", " ", "6", "")]
